C:\Projects\SDAI and NLP joint Project\PortCommand\nlp-python\.venv-rasa\lib\site-packages\rasa\core\tracker_store.py:1044: MovedIn20Warning: Deprecated API features detected! These feature(s) are not compatible with SQLAlchemy 2.0. To prevent incompatible upgrades prior to updating applications, ensure requirements files are pinned to "sqlalchemy<2.0". Set environment variable SQLALCHEMY_WARN_20=1 to show all deprecation warnings.  Set environment variable SQLALCHEMY_SILENCE_UBER_WARNING=1 to silence this message. (Background on SQLAlchemy 2.0 at: https://sqlalche.me/e/b8d9)
  Base: DeclarativeMeta = declarative_base()
C:\Projects\SDAI and NLP joint Project\PortCommand\nlp-python\.venv-rasa\lib\site-packages\rasa\shared\utils\validation.py:134: DeprecationWarning: pkg_resources is deprecated as an API. See https://setuptools.pypa.io/en/latest/pkg_resources.html
  import pkg_resources
C:\Projects\SDAI and NLP joint Project\PortCommand\nlp-python\.venv-rasa\lib\site-packages\pkg_resources\__init__.py:3117: DeprecationWarning: Deprecated call to `pkg_resources.declare_namespace('mpl_toolkits')`.
Implementing implicit namespace packages (as specified in PEP 420) is preferred to `pkg_resources.declare_namespace`. See https://setuptools.pypa.io/en/latest/references/keywords.html#keyword-namespace-packages
  declare_namespace(pkg)
C:\Projects\SDAI and NLP joint Project\PortCommand\nlp-python\.venv-rasa\lib\site-packages\pkg_resources\__init__.py:3117: DeprecationWarning: Deprecated call to `pkg_resources.declare_namespace('ruamel')`.
Implementing implicit namespace packages (as specified in PEP 420) is preferred to `pkg_resources.declare_namespace`. See https://setuptools.pypa.io/en/latest/references/keywords.html#keyword-namespace-packages
  declare_namespace(pkg)
C:\Projects\SDAI and NLP joint Project\PortCommand\nlp-python\.venv-rasa\lib\site-packages\sanic_cors\extension.py:39: DeprecationWarning: distutils Version classes are deprecated. Use packaging.version instead.
  SANIC_VERSION = LooseVersion(sanic_version)
C:\Projects\SDAI and NLP joint Project\PortCommand\nlp-python\.venv-rasa\lib\site-packages\tensorflow\lite\python\util.py:52: DeprecationWarning: jax.xla_computation is deprecated. Please use the AOT APIs.
  from jax import xla_computation as _xla_computation
C:\Projects\SDAI and NLP joint Project\PortCommand\nlp-python\.venv-rasa\lib\site-packages\matplotlib\fontconfig_pattern.py:66: PyparsingDeprecationWarning: 'setParseAction' deprecated - use 'set_parse_action'
  ).setParseAction(self._family)
C:\Projects\SDAI and NLP joint Project\PortCommand\nlp-python\.venv-rasa\lib\site-packages\matplotlib\fontconfig_pattern.py:127: PyparsingDeprecationWarning: 'parseString' deprecated - use 'parse_string'
  self._parser.parseString(pattern)
C:\Projects\SDAI and NLP joint Project\PortCommand\nlp-python\.venv-rasa\lib\site-packages\matplotlib\fontconfig_pattern.py:134: PyparsingDeprecationWarning: 'resetCache' deprecated - use 'reset_cache'
  self._parser.resetCache()
2026-07-27 21:33:30 [1;30mINFO    [0m [34mroot[0m  - Starting Rasa server on http://0.0.0.0:5005
2026-07-27 21:33:30 [1;30mINFO    [0m [34mrasa.core.processor[0m  - Loading model models\portcmd_nlu.tar.gz...
[93mC:\Projects\SDAI and NLP joint Project\PortCommand\nlp-python\.venv-rasa\lib\site-packages\rasa\utils\train_utils.py:530: UserWarning: constrain_similarities is set to `False`. It is recommended to set it to `True` when using cross-entropy loss.
  rasa.shared.utils.io.raise_warning(
[0m2026-07-27 21:34:00 [1;30mINFO    [0m [34mroot[0m  - Rasa server is up and running.
